*I,RUNLD: Successfully loaded run /home/student/akamien/VDIC/Lab03/cov_work/scope/Lab03.
*I,MERGL1: Merging Simulation Coverage ...
----------------------------
*I,MERGL1: Preparing target model ...
*I,MERGL1: Reading model of primary run (cov_work/scope/Lab03) as initial model: cov_work/scope/icc_13e03ed3_7fd93b90.ucm
*I,MERGL1: Target model generated successfully.
*I,MERGL1: Projecting Simulation ucd data into the target model ...
*I,MERGL2:   cov_work/scope/Lab03:
*I,MERGL3:       Data is projected in to the target model.
*I,MERGL1: Writing output database cov_work/scope/merged_results:
*I,MERGL2:   Model: cov_work/scope/merged_results/icc_13e03ed3_7fd93b90.ucm
*I,MERGL2:   Data : cov_work/scope/merged_results/icc_13e03ed3_7fd93b90.ucd
*I,MERGL1: No Specman coverage databases found in the runs.
Total conflicts during target model creation: 0
Total items not merged                      : 0
Total runs not considered during target model creation: 0
Total runs not merged                                 : 0
*I,RUNLD: Successfully loaded run /home/student/akamien/VDIC/Lab03/cov_work/scope/merged_results.
*W,REPDEP: This is a legacy report and no future enhancement is planned for this report. It is recommended that you use the 'report_metrics' command and generate a dynamic report.
name                                     Overall Average      Overall Covered      Code Average         Code Covered         Fsm Average          Fsm Covered          Functional Average   Functional Covered   
-----------------------------------------------------------------------------------------------------------------------------------------------------------------------------------------------------------------
top                                      n/a                  n/a                  n/a                  n/a                  n/a                  n/a                  n/a                  n/a                  
|--bfm                                   99.49%               98.77% (161/163/2)   99.49%               98.77% (161/163/2)   n/a                  n/a                  n/a                  n/a                  
|--tester_i                              96.64%               95.43% (376/394)     96.64%               95.43% (376/394)     n/a                  n/a                  n/a                  n/a                  
|--coverage_i                            100.00%              100.00% (138/138)    100.00%              100.00% (79/79)      n/a                  n/a                  100.00%              100.00% (59/59)      
|--scoreboard_i                          97.51%               95.81% (206/215/4)   95.01%               95.75% (203/212/4)   n/a                  n/a                  100.00%              100.00% (3/3)        
|--DUT                                   98.21%               98.21% (55/56)       98.21%               98.21% (55/56)       n/a                  n/a                  n/a                  n/a                  
